// Jest Snapshot v1, https://goo.gl/fbAQLP

exports[`core/shortcode block edit matches snapshot 1`] = `
<div
  class="wp-block"
>
  <div
    class="wp-block-embed is-loading"
  >
    <span
      class="spinner is-active"
    />
    <p>
      Loading...
    </p>
  </div>
</div>
`;
