// Jest Snapshot v1, https://goo.gl/fbAQLP

exports[`Post Editor Template mode Allow creating custom block templates in classic themes 1`] = `
"<h2 class=\\"wp-block-post-title\\">Another FSE Post</h2>

<div class=\\"entry-content wp-block-post-content\\">
<p>Hello World</p>
</div>


<p>Just a random paragraph added to the template</p>
"
`;
