// Jest Snapshot v1, https://goo.gl/fbAQLP

exports[`DimensionButtons renders correctly with defaults 1`] = `
<Fragment>
  <ButtonGroup
    className="block-editor-dimension-control__buttons"
    id="block-editor-dimension-control-buttons-1"
  >
    <Tooltip
      key="none"
      text="None"
    >
      <ForwardRef(Button)
        aria-pressed={false}
        className="block-editor-dimension-control__button"
        isDefault={true}
        isPrimary={false}
        value="none"
      >
        <abbr
          title="None"
        >
          No
        </abbr>
      </ForwardRef(Button)>
    </Tooltip>
    <Tooltip
      key="small"
      text="Small"
    >
      <ForwardRef(Button)
        aria-pressed={false}
        className="block-editor-dimension-control__button"
        isDefault={true}
        isPrimary={false}
        value="small"
      >
        <abbr
          title="Small"
        >
          S
        </abbr>
      </ForwardRef(Button)>
    </Tooltip>
    <Tooltip
      key="medium"
      text="Medium"
    >
      <ForwardRef(Button)
        aria-pressed={false}
        className="block-editor-dimension-control__button"
        isDefault={true}
        isPrimary={false}
        value="medium"
      >
        <abbr
          title="Medium"
        >
          M
        </abbr>
      </ForwardRef(Button)>
    </Tooltip>
    <Tooltip
      key="large"
      text="Large"
    >
      <ForwardRef(Button)
        aria-pressed={false}
        className="block-editor-dimension-control__button"
        isDefault={true}
        isPrimary={false}
        value="large"
      >
        <abbr
          title="Large"
        >
          L
        </abbr>
      </ForwardRef(Button)>
    </Tooltip>
    <Tooltip
      key="xlarge"
      text="Extra Large"
    >
      <ForwardRef(Button)
        aria-pressed={false}
        className="block-editor-dimension-control__button"
        isDefault={true}
        isPrimary={false}
        value="xlarge"
      >
        <abbr
          title="Extra Large"
        >
          XL
        </abbr>
      </ForwardRef(Button)>
    </Tooltip>
  </ButtonGroup>
</Fragment>
`;
