// Jest Snapshot v1, https://goo.gl/fbAQLP

exports[`MenuGroup should match snapshot 1`] = `
<div
  className="components-menu-group has-label"
>
  <div
    className="components-menu-group__label"
    id="components-menu-group-label-1"
  >
    My group
  </div>
  <NavigableMenu
    aria-labelledby="components-menu-group-label-1"
    orientation="vertical"
  >
    <p>
      My item
    </p>
  </NavigableMenu>
</div>
`;
