// Jest Snapshot v1, https://goo.gl/fbAQLP

exports[`Guide renders when there are pages 1`] = `
<WithInstanceId(Modal)
  className="components-guide"
  shouldCloseOnClickOutside={false}
>
  <KeyboardShortcuts
    key="0"
    shortcuts={
      Object {
        "left": [Function],
        "right": [Function],
      }
    }
  />
  <div
    className="components-guide__container"
  >
    <GuidePage>
      Page 1
    </GuidePage>
    <div
      className="components-guide__footer"
    >
      <PageControl
        currentPage={0}
        numberOfPages={2}
        setCurrentPage={[Function]}
      />
      <ForwardRef(IconButton)
        className="components-guide__forward-button"
        icon={<ForwardButtonIcon />}
        onClick={[Function]}
      >
        Next
      </ForwardRef(IconButton)>
    </div>
  </div>
</WithInstanceId(Modal)>
`;
