<!-- wp:preformatted -->
<pre class="wp-block-preformatted">print "Hello Dolly!"</pre>
<!-- /wp:preformatted -->