<!-- wp:paragraph -->
<p class="wp-block-paragraph"><strong>٠١</strong>٢</p>
<!-- /wp:paragraph -->