<!-- wp:paragraph -->
<p class="wp-block-paragraph"><strong>١</strong>٠٢</p>
<!-- /wp:paragraph -->