<!-- wp:paragraph -->
<p>hi-item 1</p>
<!-- /wp:paragraph -->

<!-- wp:paragraph -->
<p>item 2</p>
<!-- /wp:paragraph -->