<!-- wp:paragraph -->
<p class="wp-block-paragraph">FirstAfter</p>
<!-- /wp:paragraph -->

<!-- wp:paragraph -->
<p class="wp-block-paragraph">Before<strong>InsideSecondInside</strong>After</p>
<!-- /wp:paragraph -->

<!-- wp:paragraph -->
<p class="wp-block-paragraph">BeforeThird</p>
<!-- /wp:paragraph -->
