<!-- wp:paragraph -->
<p class="wp-block-paragraph"></p>
<!-- /wp:paragraph -->

<!-- wp:paragraph -->
<p class="wp-block-paragraph"></p>
<!-- /wp:paragraph -->

<!-- wp:paragraph -->
<p class="wp-block-paragraph"></p>
<!-- /wp:paragraph -->

<!-- wp:paragraph -->
<p class="wp-block-paragraph"></p>
<!-- /wp:paragraph -->

<!-- wp:paragraph -->
<p class="wp-block-paragraph"></p>
<!-- /wp:paragraph -->

<!-- wp:paragraph -->
<p class="wp-block-paragraph"></p>
<!-- /wp:paragraph -->

<!-- wp:paragraph -->
<p class="wp-block-paragraph"></p>
<!-- /wp:paragraph -->

<!-- wp:paragraph -->
<p class="wp-block-paragraph"></p>
<!-- /wp:paragraph -->

<!-- wp:paragraph -->
<p class="wp-block-paragraph"></p>
<!-- /wp:paragraph -->

<!-- wp:paragraph -->
<p class="wp-block-paragraph"></p>
<!-- /wp:paragraph -->

<!-- wp:paragraph -->
<p class="wp-block-paragraph"></p>
<!-- /wp:paragraph -->