<!-- wp:paragraph -->
<p>This is Gutenberg</p>
<!-- /wp:paragraph -->