<!-- wp:list -->
<ul><li>1<ul><li>a</li></ul></li><li></li></ul>
<!-- /wp:list -->