<!-- wp:list -->
<ul><li>1<ul><li>a</li><li></li></ul></li></ul>
<!-- /wp:list -->