<!-- wp:list -->
<ul><li>1<ul><li>a<ul><li>i</li></ul></li></ul></li></ul>
<!-- /wp:list -->