<!-- wp:list -->
<ul><li>1<ul><li>2</li><li>3</li></ul></li><li></li></ul>
<!-- /wp:list -->