<!-- wp:list -->
<ul><li>a<ol><li>1</li></ol></li></ul>
<!-- /wp:list -->