// Jest Snapshot v1, https://goo.gl/fbAQLP

exports[`createTinyMCEElement should render a TinyMCE element 1`] = `
Array [
  "p",
  Object {
    "a-prop": "hi",
  },
  Array [
    Array [
      "p",
      Object {},
      Array [
        "Child",
      ],
    ],
  ],
]
`;
