// Jest Snapshot v1, https://goo.gl/fbAQLP

exports[`PostPublishPanel should render the pre-publish panel if the post is not saving, published or scheduled 1`] = `
<div
  className="editor-post-publish-panel"
  isSaving={false}
>
  <div
    className="editor-post-publish-panel__header"
  >
    <div
      className="editor-post-publish-panel__header-publish-button"
    >
      <WithSelect(WithDispatch(PostPublishButton))
        focusOnMount={true}
        onSubmit={[Function]}
      />
      <span
        className="editor-post-publish-panel__spacer"
      />
    </div>
    <IconButton
      aria-expanded={true}
      icon="no-alt"
      label="Close panel"
    />
  </div>
  <div
    className="editor-post-publish-panel__content"
  >
    <WithSelect(PostPublishPanelPrepublish) />
  </div>
  <div
    className="editor-post-publish-panel__footer"
  >
    <WithInstanceId(CheckboxControl)
      label="Always show pre-publish checks."
    />
  </div>
</div>
`;
