// Jest Snapshot v1, https://goo.gl/fbAQLP

exports[`iframed masonry block should load script and dependencies in iframe 1`] = `
"<!-- wp:quote {"className":"is-style-large"} -->
<blockquote class="wp-block-quote is-style-large"><!-- wp:paragraph -->
<p></p>
<!-- /wp:paragraph --></blockquote>
<!-- /wp:quote -->"
`;
