// Jest Snapshot v1, https://goo.gl/fbAQLP

exports[`flags warnings with invalid properties css snapshot matches warnings 1`] = `
[
  {
    "column": 13,
    "line": 2,
    "rule": "stylistic/color-hex-case",
    "severity": "error",
    "text": "Expected "#FFFFFF" to be "#ffffff" (stylistic/color-hex-case)",
  },
  {
    "column": 13,
    "line": 2,
    "rule": "color-hex-length",
    "severity": "error",
    "text": "Expected "#FFFFFF" to be "#FFF" (color-hex-length)",
  },
  {
    "column": 2,
    "line": 5,
    "rule": "declaration-block-no-shorthand-property-overrides",
    "severity": "error",
    "text": "Unexpected shorthand "margin" after "margin-left" (declaration-block-no-shorthand-property-overrides)",
  },
  {
    "column": 13,
    "line": 2,
    "rule": "stylistic/declaration-colon-space-after",
    "severity": "error",
    "text": "Expected single space after ":" with a single-line declaration (stylistic/declaration-colon-space-after)",
  },
  {
    "column": 2,
    "line": 6,
    "rule": "property-no-unknown",
    "severity": "error",
    "text": "Unexpected unknown property "argin" (property-no-unknown)",
  },
  {
    "column": 15,
    "line": 4,
    "rule": "stylistic/unit-case",
    "severity": "error",
    "text": "Expected "PX" to be "px" (stylistic/unit-case)",
  },
  {
    "column": 11,
    "line": 3,
    "rule": "value-keyword-case",
    "severity": "error",
    "text": "Expected "BLOCK" to be "block" (value-keyword-case)",
  },
]
`;
