// Jest Snapshot v1, https://goo.gl/fbAQLP

exports[`ReadableJsAssetsWebpackPlugin should produce the expected output: Asset file should match snapshot 1`] = `
"/******/ (function() { // webpackBootstrap
var __webpack_exports__ = {};
function notMinified() {}
notMinified();

/******/ })()
;"
`;

exports[`ReadableJsAssetsWebpackPlugin should produce the expected output: Asset file should match snapshot 2`] = `""`;

exports[`ReadableJsAssetsWebpackPlugin should produce the expected output: Asset file should match snapshot 3`] = `
"/******/ (function() { // webpackBootstrap
var __webpack_exports__ = {};
function notMinified() {}
notMinified();

/******/ })()
;"
`;

exports[`ReadableJsAssetsWebpackPlugin should produce the expected output: Asset file should match snapshot 4`] = `""`;
