// Jest Snapshot v1, https://goo.gl/fbAQLP

exports[`OptionsModal should match snapshot when the modal is active 1`] = `
<WithInstanceId(Modal)
  className="edit-post-options"
  closeLabel="Close"
  title={
    <span
      className="edit-post-options__title"
    >
      Options
    </span>
  }
>
  <Section
    title="General"
  >
    <WithSelect(WithDispatch(Option))
      label="Enable Pre-publish Checks"
    />
    <WithSelect(WithDispatch(DeferredOption))
      label="Enable Tips"
    />
  </Section>
  <Section
    title="Document Panels"
  >
    <WithSelect(WithDispatch(Option))
      label="Status & Visibility"
      panelName="post-status"
    />
    <WithSelect(PostTaxonomies)
      taxonomyWrapper={[Function]}
    />
    <WithSelect(WithDispatch(Option))
      label="Featured Image"
      panelName="featured-image"
    />
    <WithSelect(WithDispatch(Option))
      label="Excerpt"
      panelName="post-excerpt"
    />
    <WithSelect(WithDispatch(Option))
      label="Discussion"
      panelName="discussion-panel"
    />
  </Section>
</WithInstanceId(Modal)>
`;

exports[`OptionsModal should match snapshot when the modal is not active 1`] = `""`;
